// Jest Snapshot v1, https://goo.gl/fbAQLP

exports[`Pruebas en <Navbar/> Debe de mostrarse correctamente 1`] = `
<nav
  className="navbar navbar-expand-lg navbar-dark bg-dark"
>
  <span
    className="navbar-brand"
  >
    <a
      className="navbar-brand"
      onClick={[Function]}
    >
      Asociaciones
    </a>
  </span>
  <button
    aria-controls="responsive-navbar-nav"
    aria-label="Toggle navigation"
    className="navbar-toggler collapsed"
    onClick={[Function]}
    type="button"
  >
    <span
      className="navbar-toggler-icon"
    />
  </button>
  <div
    aria-expanded={null}
    className="navbar-collapse collapse"
    id="responsive-navbar-nav"
  >
    <div
      className="mr-auto navbar-nav"
      onKeyDown={[Function]}
    >
      <a
        aria-current={null}
        className="nav-item nav-link"
        onClick={[Function]}
      >
        Marvel
      </a>
      <a
        aria-current={null}
        className="nav-item nav-link"
        onClick={[Function]}
      >
        DC
      </a>
      <a
        aria-current={null}
        className="nav-item nav-link"
        onClick={[Function]}
      >
        Search
      </a>
    </div>
    <div
      className="navbar-nav"
      onKeyDown={[Function]}
    >
      <p
        className="nav-item nav-link m-0"
      >
        Edgar
      </p>
      <button
        className="nav-item nav-link btn btn-link"
        disabled={false}
        onClick={[Function]}
        type="button"
      >
        Logout
      </button>
    </div>
  </div>
</nav>
`;
